Archive member included because of file (symbol)

c:/winavr-20100110/bin/../lib/gcc/avr/4.3.3/avr5\libgcc.a(_mulsi3.o)
                              obj\Release\RP6Lib\RP6base\RP6RobotBaseLib.o (__mulsi3)
c:/winavr-20100110/bin/../lib/gcc/avr/4.3.3/avr5\libgcc.a(_udivmodhi4.o)
                              obj\Release\RP6Lib\RP6base\RP6RobotBaseLib.o (__udivmodhi4)
c:/winavr-20100110/bin/../lib/gcc/avr/4.3.3/avr5\libgcc.a(_divmodhi4.o)
                              obj\Release\RP6Lib\RP6base\RP6RobotBaseLib.o (__divmodhi4)
c:/winavr-20100110/bin/../lib/gcc/avr/4.3.3/avr5\libgcc.a(_udivmodsi4.o)
                              obj\Release\RP6Lib\RP6base\RP6RobotBaseLib.o (__udivmodsi4)
c:/winavr-20100110/bin/../lib/gcc/avr/4.3.3/avr5\libgcc.a(_exit.o)
                              c:/winavr-20100110/bin/../lib/gcc/avr/4.3.3/../../../../avr/lib/avr5/crtm32.o (exit)
c:/winavr-20100110/bin/../lib/gcc/avr/4.3.3/avr5\libgcc.a(_copy_data.o)
                              obj\Release\main.o (__do_copy_data)
c:/winavr-20100110/bin/../lib/gcc/avr/4.3.3/avr5\libgcc.a(_clear_bss.o)
                              obj\Release\main.o (__do_clear_bss)
c:/winavr-20100110/bin/../lib/gcc/avr/4.3.3/../../../../avr/lib/avr5\libc.a(itoa.o)
                              obj\Release\RP6Lib\RP6common\RP6uart.o (itoa)
c:/winavr-20100110/bin/../lib/gcc/avr/4.3.3/../../../../avr/lib/avr5\libc.a(strrev.o)
                              c:/winavr-20100110/bin/../lib/gcc/avr/4.3.3/../../../../avr/lib/avr5\libc.a(itoa.o) (strrev)

Allocating common symbols
Common symbol       size              file

bumper_left         0x1               obj\Release\RP6Lib\RP6base\RP6RobotBaseLib.o
preStop_R           0x2               obj\Release\RP6Lib\RP6base\RP6RobotBaseLib.o
mright_des_speed    0x2               obj\Release\RP6Lib\RP6base\RP6RobotBaseLib.o
I2CTWI_genCallCMD   0x1               obj\Release\RP6Lib\RP6common\RP6I2CslaveTWI.o
timer               0x2               obj\Release\main.o
mleft_des_speed     0x2               obj\Release\RP6Lib\RP6base\RP6RobotBaseLib.o
mleft_des_speed_tmp
                    0x2               obj\Release\RP6Lib\RP6base\RP6RobotBaseLib.o
uart_status         0x1               obj\Release\RP6Lib\RP6common\RP6uart.o
I2CTWI_writeRegisters
                    0x10              obj\Release\RP6Lib\RP6common\RP6I2CslaveTWI.o
motion_status       0x1               obj\Release\main.o
sysStatACS          0x1               obj\Release\RP6Lib\RP6base\RP6RobotBaseLib.o
ircomm_send         0x1               obj\Release\RP6Lib\RP6base\RP6RobotBaseLib.o
overcurrent_error_clear
                    0x1               obj\Release\RP6Lib\RP6base\RP6RobotBaseLib.o
distanceToMove_R    0x2               obj\Release\RP6Lib\RP6base\RP6RobotBaseLib.o
initBumper          0x1               obj\Release\main.o
acs_pulse           0x1               obj\Release\RP6Lib\RP6base\RP6RobotBaseLib.o
left_i              0x2               obj\Release\RP6Lib\RP6base\RP6RobotBaseLib.o
IRCOMM_RC5_data     0x2               obj\Release\RP6Lib\RP6base\RP6RobotBaseLib.o
motor_control       0x1               obj\Release\RP6Lib\RP6base\RP6RobotBaseLib.o
leds_on             0x1               obj\Release\RP6Lib\RP6base\RP6RobotBaseLib.o
mleft_power         0x2               obj\Release\RP6Lib\RP6base\RP6RobotBaseLib.o
mleft_speed         0x2               obj\Release\RP6Lib\RP6base\RP6RobotBaseLib.o
preDecelerate_R     0x2               obj\Release\RP6Lib\RP6base\RP6RobotBaseLib.o
mright_des_speed_tmp
                    0x2               obj\Release\RP6Lib\RP6base\RP6RobotBaseLib.o
adc1                0x2               obj\Release\RP6Lib\RP6base\RP6RobotBaseLib.o
adcLSL              0x2               obj\Release\RP6Lib\RP6base\RP6RobotBaseLib.o
acs_timer           0x2               obj\Release\RP6Lib\RP6base\RP6RobotBaseLib.o
preStop_L           0x2               obj\Release\RP6Lib\RP6base\RP6RobotBaseLib.o
i                   0x2               obj\Release\main.o
mright_power        0x2               obj\Release\RP6Lib\RP6base\RP6RobotBaseLib.o
mright_counter      0x2               obj\Release\RP6Lib\RP6base\RP6RobotBaseLib.o
ircomm_data_tmp     0x2               obj\Release\RP6Lib\RP6base\RP6RobotBaseLib.o
distanceToMove_L    0x2               obj\Release\RP6Lib\RP6base\RP6RobotBaseLib.o
stopwatches         0x11              obj\Release\RP6Lib\RP6base\RP6RobotBaseLib.o
angle               0x1               obj\Release\main.o
overcurrent_timeout
                    0x1               obj\Release\RP6Lib\RP6base\RP6RobotBaseLib.o
obstacle_left       0x1               obj\Release\RP6Lib\RP6base\RP6RobotBaseLib.o
overcurrent_errors  0x1               obj\Release\RP6Lib\RP6base\RP6RobotBaseLib.o
overcurrent_timer   0x1               obj\Release\RP6Lib\RP6base\RP6RobotBaseLib.o
statusLEDs          0x1               obj\Release\main.o
mright_ptmp         0x1               obj\Release\RP6Lib\RP6base\RP6RobotBaseLib.o
ircomm_data         0x2               obj\Release\RP6Lib\RP6base\RP6RobotBaseLib.o
adcLSR              0x2               obj\Release\RP6Lib\RP6base\RP6RobotBaseLib.o
speed_adjust_timer  0x1               obj\Release\RP6Lib\RP6base\RP6RobotBaseLib.o
obstacle_right      0x1               obj\Release\RP6Lib\RP6base\RP6RobotBaseLib.o
speed_timer         0x1               obj\Release\RP6Lib\RP6base\RP6RobotBaseLib.o
right_i             0x2               obj\Release\RP6Lib\RP6base\RP6RobotBaseLib.o
bumper_timer        0x1               obj\Release\RP6Lib\RP6base\RP6RobotBaseLib.o
mright_dist         0x2               obj\Release\RP6Lib\RP6base\RP6RobotBaseLib.o
preDecelerate_L     0x2               obj\Release\RP6Lib\RP6base\RP6RobotBaseLib.o
mleft_counter       0x2               obj\Release\RP6Lib\RP6base\RP6RobotBaseLib.o
adc0                0x2               obj\Release\RP6Lib\RP6base\RP6RobotBaseLib.o
delay_timer         0x1               obj\Release\RP6Lib\RP6base\RP6RobotBaseLib.o
I2CTWI_readRegisters
                    0x30              obj\Release\RP6Lib\RP6common\RP6I2CslaveTWI.o
adcMotorCurrentRight
                    0x2               obj\Release\RP6Lib\RP6base\RP6RobotBaseLib.o
ms_timer            0x1               obj\Release\RP6Lib\RP6base\RP6RobotBaseLib.o
mright_speed        0x2               obj\Release\RP6Lib\RP6base\RP6RobotBaseLib.o
mleft_dist          0x2               obj\Release\RP6Lib\RP6base\RP6RobotBaseLib.o
bumper_right        0x1               obj\Release\RP6Lib\RP6base\RP6RobotBaseLib.o
acs_event_counter   0x1               obj\Release\RP6Lib\RP6base\RP6RobotBaseLib.o
motion_status_tmp   0x1               obj\Release\RP6Lib\RP6base\RP6RobotBaseLib.o
adcBat              0x2               obj\Release\RP6Lib\RP6base\RP6RobotBaseLib.o
uart_receive_buffer
                    0x21              obj\Release\RP6Lib\RP6common\RP6uart.o
IRCOMM_RC5_data_ok  0x2               obj\Release\RP6Lib\RP6base\RP6RobotBaseLib.o
mleft_ptmp          0x1               obj\Release\RP6Lib\RP6base\RP6RobotBaseLib.o
bumper              0x1               obj\Release\main.o
adcMotorCurrentLeft
                    0x2               obj\Release\RP6Lib\RP6base\RP6RobotBaseLib.o

Memory Configuration

Name             Origin             Length             Attributes
text             0x00000000         0x00020000         xr
data             0x00800060         0x0000ffa0         rw !x
eeprom           0x00810000         0x00010000         rw !x
fuse             0x00820000         0x00000400         rw !x
lock             0x00830000         0x00000400         rw !x
signature        0x00840000         0x00000400         rw !x
*default*        0x00000000         0xffffffff

Linker script and memory map

LOAD c:/winavr-20100110/bin/../lib/gcc/avr/4.3.3/../../../../avr/lib/avr5/crtm32.o
LOAD obj\Release\main.o
LOAD obj\Release\RP6Lib\RP6base\RP6RobotBaseLib.o
LOAD obj\Release\RP6Lib\RP6common\RP6I2CslaveTWI.o
LOAD obj\Release\RP6Lib\RP6common\RP6uart.o
LOAD c:/winavr-20100110/bin/../lib/gcc/avr/4.3.3/avr5\libgcc.a
LOAD c:/winavr-20100110/bin/../lib/gcc/avr/4.3.3/../../../../avr/lib/avr5\libm.a
LOAD c:/winavr-20100110/bin/../lib/gcc/avr/4.3.3/avr5\libgcc.a
LOAD c:/winavr-20100110/bin/../lib/gcc/avr/4.3.3/../../../../avr/lib/avr5\libc.a
LOAD c:/winavr-20100110/bin/../lib/gcc/avr/4.3.3/avr5\libgcc.a

.hash
 *(.hash)

.dynsym
 *(.dynsym)

.dynstr
 *(.dynstr)

.gnu.version
 *(.gnu.version)

.gnu.version_d
 *(.gnu.version_d)

.gnu.version_r
 *(.gnu.version_r)

.rel.init
 *(.rel.init)

.rela.init
 *(.rela.init)

.rel.text
 *(.rel.text)
 *(.rel.text.*)
 *(.rel.gnu.linkonce.t*)

.rela.text
 *(.rela.text)
 *(.rela.text.*)
 *(.rela.gnu.linkonce.t*)

.rel.fini
 *(.rel.fini)

.rela.fini
 *(.rela.fini)

.rel.rodata
 *(.rel.rodata)
 *(.rel.rodata.*)
 *(.rel.gnu.linkonce.r*)

.rela.rodata
 *(.rela.rodata)
 *(.rela.rodata.*)
 *(.rela.gnu.linkonce.r*)

.rel.data
 *(.rel.data)
 *(.rel.data.*)
 *(.rel.gnu.linkonce.d*)

.rela.data
 *(.rela.data)
 *(.rela.data.*)
 *(.rela.gnu.linkonce.d*)

.rel.ctors
 *(.rel.ctors)

.rela.ctors
 *(.rela.ctors)

.rel.dtors
 *(.rel.dtors)

.rela.dtors
 *(.rela.dtors)

.rel.got
 *(.rel.got)

.rela.got
 *(.rela.got)

.rel.bss
 *(.rel.bss)

.rela.bss
 *(.rela.bss)

.rel.plt
 *(.rel.plt)

.rela.plt
 *(.rela.plt)

.text           0x00000000     0x1c9c
 *(.vectors)
 .vectors       0x00000000       0x54 c:/winavr-20100110/bin/../lib/gcc/avr/4.3.3/../../../../avr/lib/avr5/crtm32.o
                0x00000000                __vectors
                0x00000000                __vector_default
 *(.vectors)
 *(.progmem.gcc*)
 *(.progmem*)
 .progmem.data  0x00000054       0xba obj\Release\main.o
 .progmem.data  0x0000010e      0x1be obj\Release\RP6Lib\RP6base\RP6RobotBaseLib.o
                0x000002cc                . = ALIGN (0x2)
                0x000002cc                __trampolines_start = .
 *(.trampolines)
 .trampolines   0x000002cc        0x0 linker stubs
 *(.trampolines*)
                0x000002cc                __trampolines_end = .
 *(.jumptables)
 *(.jumptables*)
 *(.lowtext)
 *(.lowtext*)
                0x000002cc                __ctors_start = .
 *(.ctors)
                0x000002cc                __ctors_end = .
                0x000002cc                __dtors_start = .
 *(.dtors)
                0x000002cc                __dtors_end = .
 SORT(*)(.ctors)
 SORT(*)(.dtors)
 *(.init0)
 .init0         0x000002cc        0x0 c:/winavr-20100110/bin/../lib/gcc/avr/4.3.3/../../../../avr/lib/avr5/crtm32.o
                0x000002cc                __init
 *(.init0)
 *(.init1)
 *(.init1)
 *(.init2)
 .init2         0x000002cc        0xc c:/winavr-20100110/bin/../lib/gcc/avr/4.3.3/../../../../avr/lib/avr5/crtm32.o
 *(.init2)
 *(.init3)
 *(.init3)
 *(.init4)
 .init4         0x000002d8       0x16 c:/winavr-20100110/bin/../lib/gcc/avr/4.3.3/avr5\libgcc.a(_copy_data.o)
                0x000002d8                __do_copy_data
 .init4         0x000002ee       0x10 c:/winavr-20100110/bin/../lib/gcc/avr/4.3.3/avr5\libgcc.a(_clear_bss.o)
                0x000002ee                __do_clear_bss
 *(.init4)
 *(.init5)
 *(.init5)
 *(.init6)
 *(.init6)
 *(.init7)
 *(.init7)
 *(.init8)
 *(.init8)
 *(.init9)
 .init9         0x000002fe        0x8 c:/winavr-20100110/bin/../lib/gcc/avr/4.3.3/../../../../avr/lib/avr5/crtm32.o
 *(.init9)
 *(.text)
 .text          0x00000306        0x4 c:/winavr-20100110/bin/../lib/gcc/avr/4.3.3/../../../../avr/lib/avr5/crtm32.o
                0x00000306                __vector_12
                0x00000306                __bad_interrupt
                0x00000306                __vector_6
                0x00000306                __vector_11
                0x00000306                __vector_17
                0x00000306                __vector_7
                0x00000306                __vector_5
                0x00000306                __vector_9
                0x00000306                __vector_15
                0x00000306                __vector_8
                0x00000306                __vector_14
                0x00000306                __vector_16
                0x00000306                __vector_18
                0x00000306                __vector_20
 .text          0x0000030a      0x11a obj\Release\main.o
                0x00000330                rotateAheadWall
                0x000003c4                checkBumper
                0x0000030a                main
 .text          0x00000424     0x1406 obj\Release\RP6Lib\RP6base\RP6RobotBaseLib.o
                0x00000424                enablePowerOnWarning
                0x00000fd4                mSleep
                0x000005fe                __vector_1
                0x0000076a                setMotorPower
                0x000004bc                getBumperRight
                0x0000067e                MOTIONCONTROL_stateChanged_DUMMY
                0x00000902                IRCOMM_RC5dataReady_DUMMY
                0x000006d4                moveAtSpeedDirection
                0x00000432                disablePowerOnWarning
                0x00000498                setLEDs
                0x000015f6                rotate
                0x00000788                setMotorDir
                0x00000ffc                extIntON
                0x00000c14                powerOFF
                0x00000fc4                sleep
                0x000008b8                __vector_3
                0x0000043a                updateStatusLEDs
                0x00000ff0                delayCycles
                0x000007ae                IRCOMM_sendRC5
                0x00000ba0                disableACS
                0x000004d8                BUMPERS_setStateChangedHandler
                0x00000bee                setACSPwrMed
                0x00000904                IRCOMM_setRC5DataReadyHandler
                0x00000910                ACS_setStateChangedHandler
                0x00000522                readADC
                0x000016fc                move
                0x000004a2                getBumperLeft
                0x0000091a                task_ACS
                0x0000068a                moveAtSpeed
                0x000006a8                changeDirection
                0x00000bf8                setACSPwrHigh
                0x00000bd6                setACSPwrOff
                0x00000be4                setACSPwrLow
                0x00001094                emergencyShutdown
                0x000004e2                task_Bumpers
                0x000015e4                task_RP6System
                0x0000090e                ACS_stateChanged_DUMMY
                0x000007f4                __vector_4
                0x00000bba                enableACS
                0x0000063e                __vector_2
                0x00001002                extIntOFF
                0x00000542                startADC
                0x00000c02                powerON
                0x00000680                MOTIONCONTROL_setStateChangedHandler
                0x0000117e                task_motionControl
                0x00001008                initRobotBase
                0x000004d6                BUMPERS_stateChanged_DUMMY
                0x00000c38                __vector_10
                0x00000730                stop
                0x00000720                isMovementComplete
                0x0000054c                task_ADC
 .text          0x0000182a      0x10e obj\Release\RP6Lib\RP6common\RP6I2CslaveTWI.o
                0x0000183e                __vector_19
                0x0000182a                I2CTWI_initSlave
 .text          0x00001938      0x22e obj\Release\RP6Lib\RP6common\RP6uart.o
                0x000019f4                readChar
                0x00001a32                readChars
                0x00001a78                getBufferLength
                0x00001a84                clearReceptionBuffer
                0x00001940                writeString
                0x00001ae8                writeIntegerLength
                0x00001986                __vector_13
                0x00001aa4                writeInteger
                0x00001938                writeChar
                0x00001968                writeStringLength
                0x00001954                writeNStringP
 .text          0x00001b66        0x0 c:/winavr-20100110/bin/../lib/gcc/avr/4.3.3/avr5\libgcc.a(_mulsi3.o)
 .text          0x00001b66        0x0 c:/winavr-20100110/bin/../lib/gcc/avr/4.3.3/avr5\libgcc.a(_udivmodhi4.o)
 .text          0x00001b66        0x0 c:/winavr-20100110/bin/../lib/gcc/avr/4.3.3/avr5\libgcc.a(_divmodhi4.o)
 .text          0x00001b66        0x0 c:/winavr-20100110/bin/../lib/gcc/avr/4.3.3/avr5\libgcc.a(_udivmodsi4.o)
 .text          0x00001b66        0x0 c:/winavr-20100110/bin/../lib/gcc/avr/4.3.3/avr5\libgcc.a(_exit.o)
 .text          0x00001b66        0x0 c:/winavr-20100110/bin/../lib/gcc/avr/4.3.3/avr5\libgcc.a(_copy_data.o)
 .text          0x00001b66        0x0 c:/winavr-20100110/bin/../lib/gcc/avr/4.3.3/avr5\libgcc.a(_clear_bss.o)
 .text          0x00001b66        0x0 c:/winavr-20100110/bin/../lib/gcc/avr/4.3.3/../../../../avr/lib/avr5\libc.a(itoa.o)
 .text          0x00001b66        0x0 c:/winavr-20100110/bin/../lib/gcc/avr/4.3.3/../../../../avr/lib/avr5\libc.a(strrev.o)
                0x00001b66                . = ALIGN (0x2)
 *(.text.*)
 .text.libgcc   0x00001b66       0x3e c:/winavr-20100110/bin/../lib/gcc/avr/4.3.3/avr5\libgcc.a(_mulsi3.o)
                0x00001b66                __mulsi3
 .text.libgcc   0x00001ba4       0x28 c:/winavr-20100110/bin/../lib/gcc/avr/4.3.3/avr5\libgcc.a(_udivmodhi4.o)
                0x00001ba4                __udivmodhi4
 .text.libgcc   0x00001bcc       0x26 c:/winavr-20100110/bin/../lib/gcc/avr/4.3.3/avr5\libgcc.a(_divmodhi4.o)
                0x00001bcc                __divmodhi4
                0x00001bcc                _div
 .text.libgcc   0x00001bf2       0x44 c:/winavr-20100110/bin/../lib/gcc/avr/4.3.3/avr5\libgcc.a(_udivmodsi4.o)
                0x00001bf2                __udivmodsi4
 .text.libgcc   0x00001c36        0x0 c:/winavr-20100110/bin/../lib/gcc/avr/4.3.3/avr5\libgcc.a(_exit.o)
 .text.libgcc   0x00001c36        0x0 c:/winavr-20100110/bin/../lib/gcc/avr/4.3.3/avr5\libgcc.a(_copy_data.o)
 .text.libgcc   0x00001c36        0x0 c:/winavr-20100110/bin/../lib/gcc/avr/4.3.3/avr5\libgcc.a(_clear_bss.o)
 .text.avr-libc
                0x00001c36       0x42 c:/winavr-20100110/bin/../lib/gcc/avr/4.3.3/../../../../avr/lib/avr5\libc.a(itoa.o)
                0x00001c36                itoa
 .text.avr-libc
                0x00001c78       0x20 c:/winavr-20100110/bin/../lib/gcc/avr/4.3.3/../../../../avr/lib/avr5\libc.a(strrev.o)
                0x00001c78                strrev
                0x00001c98                . = ALIGN (0x2)
 *(.fini9)
 .fini9         0x00001c98        0x0 c:/winavr-20100110/bin/../lib/gcc/avr/4.3.3/avr5\libgcc.a(_exit.o)
                0x00001c98                exit
                0x00001c98                _exit
 *(.fini9)
 *(.fini8)
 *(.fini8)
 *(.fini7)
 *(.fini7)
 *(.fini6)
 *(.fini6)
 *(.fini5)
 *(.fini5)
 *(.fini4)
 *(.fini4)
 *(.fini3)
 *(.fini3)
 *(.fini2)
 *(.fini2)
 *(.fini1)
 *(.fini1)
 *(.fini0)
 .fini0         0x00001c98        0x4 c:/winavr-20100110/bin/../lib/gcc/avr/4.3.3/avr5\libgcc.a(_exit.o)
 *(.fini0)
                0x00001c9c                _etext = .

.data           0x00800060       0x22 load address 0x00001c9c
                0x00800060                PROVIDE (__data_start, .)
 *(.data)
 .data          0x00800060        0x0 c:/winavr-20100110/bin/../lib/gcc/avr/4.3.3/../../../../avr/lib/avr5/crtm32.o
 .data          0x00800060       0x19 obj\Release\main.o
 .data          0x00800079        0x9 obj\Release\RP6Lib\RP6base\RP6RobotBaseLib.o
                0x00800079                acs_state
 .data          0x00800082        0x0 obj\Release\RP6Lib\RP6common\RP6I2CslaveTWI.o
 .data          0x00800082        0x0 obj\Release\RP6Lib\RP6common\RP6uart.o
 .data          0x00800082        0x0 c:/winavr-20100110/bin/../lib/gcc/avr/4.3.3/avr5\libgcc.a(_mulsi3.o)
 .data          0x00800082        0x0 c:/winavr-20100110/bin/../lib/gcc/avr/4.3.3/avr5\libgcc.a(_udivmodhi4.o)
 .data          0x00800082        0x0 c:/winavr-20100110/bin/../lib/gcc/avr/4.3.3/avr5\libgcc.a(_divmodhi4.o)
 .data          0x00800082        0x0 c:/winavr-20100110/bin/../lib/gcc/avr/4.3.3/avr5\libgcc.a(_udivmodsi4.o)
 .data          0x00800082        0x0 c:/winavr-20100110/bin/../lib/gcc/avr/4.3.3/avr5\libgcc.a(_exit.o)
 .data          0x00800082        0x0 c:/winavr-20100110/bin/../lib/gcc/avr/4.3.3/avr5\libgcc.a(_copy_data.o)
 .data          0x00800082        0x0 c:/winavr-20100110/bin/../lib/gcc/avr/4.3.3/avr5\libgcc.a(_clear_bss.o)
 .data          0x00800082        0x0 c:/winavr-20100110/bin/../lib/gcc/avr/4.3.3/../../../../avr/lib/avr5\libc.a(itoa.o)
 .data          0x00800082        0x0 c:/winavr-20100110/bin/../lib/gcc/avr/4.3.3/../../../../avr/lib/avr5\libc.a(strrev.o)
 *(.data*)
 *(.rodata)
 *(.rodata*)
 *(.gnu.linkonce.d*)
                0x00800082                . = ALIGN (0x2)
                0x00800082                _edata = .
                0x00800082                PROVIDE (__data_end, .)

.bss            0x00800082       0xf1
                0x00800082                PROVIDE (__bss_start, .)
 *(.bss)
 .bss           0x00800082        0x0 c:/winavr-20100110/bin/../lib/gcc/avr/4.3.3/../../../../avr/lib/avr5/crtm32.o
 .bss           0x00800082        0x0 obj\Release\main.o
 .bss           0x00800082       0x12 obj\Release\RP6Lib\RP6base\RP6RobotBaseLib.o
                0x00800082                mleft_des_dir
                0x00800086                drive_dir
                0x00800083                mright_des_dir
                0x00800085                mright_dir
                0x00800084                mleft_dir
 .bss           0x00800094        0x6 obj\Release\RP6Lib\RP6common\RP6I2CslaveTWI.o
                0x00800096                I2CTWI_readBusy
                0x00800094                I2CTWI_dataWasRead
                0x00800097                I2CTWI_writeBusy
                0x00800095                I2CTWI_dataReadFromReg
 .bss           0x0080009a        0x6 obj\Release\RP6Lib\RP6common\RP6uart.o
                0x0080009c                read_size
                0x0080009b                write_pos
                0x0080009d                write_size
                0x0080009a                read_pos
 .bss           0x008000a0        0x0 c:/winavr-20100110/bin/../lib/gcc/avr/4.3.3/avr5\libgcc.a(_mulsi3.o)
 .bss           0x008000a0        0x0 c:/winavr-20100110/bin/../lib/gcc/avr/4.3.3/avr5\libgcc.a(_udivmodhi4.o)
 .bss           0x008000a0        0x0 c:/winavr-20100110/bin/../lib/gcc/avr/4.3.3/avr5\libgcc.a(_divmodhi4.o)
 .bss           0x008000a0        0x0 c:/winavr-20100110/bin/../lib/gcc/avr/4.3.3/avr5\libgcc.a(_udivmodsi4.o)
 .bss           0x008000a0        0x0 c:/winavr-20100110/bin/../lib/gcc/avr/4.3.3/avr5\libgcc.a(_exit.o)
 .bss           0x008000a0        0x0 c:/winavr-20100110/bin/../lib/gcc/avr/4.3.3/avr5\libgcc.a(_copy_data.o)
 .bss           0x008000a0        0x0 c:/winavr-20100110/bin/../lib/gcc/avr/4.3.3/avr5\libgcc.a(_clear_bss.o)
 .bss           0x008000a0        0x0 c:/winavr-20100110/bin/../lib/gcc/avr/4.3.3/../../../../avr/lib/avr5\libc.a(itoa.o)
 .bss           0x008000a0        0x0 c:/winavr-20100110/bin/../lib/gcc/avr/4.3.3/../../../../avr/lib/avr5\libc.a(strrev.o)
 *(.bss*)
 *(COMMON)
 COMMON         0x008000a0        0x9 obj\Release\main.o
                0x008000a0                timer
                0x008000a2                motion_status
                0x008000a3                initBumper
                0x008000a4                i
                0x008000a6                angle
                0x008000a7                statusLEDs
                0x008000a8                bumper
 COMMON         0x008000a9       0x67 obj\Release\RP6Lib\RP6base\RP6RobotBaseLib.o
                0x008000a9                bumper_left
                0x008000aa                preStop_R
                0x008000ac                mright_des_speed
                0x008000ae                mleft_des_speed
                0x008000b0                mleft_des_speed_tmp
                0x008000b2                sysStatACS
                0x008000b3                ircomm_send
                0x008000b4                overcurrent_error_clear
                0x008000b5                distanceToMove_R
                0x008000b7                acs_pulse
                0x008000b8                left_i
                0x008000ba                IRCOMM_RC5_data
                0x008000bc                motor_control
                0x008000bd                leds_on
                0x008000be                mleft_power
                0x008000c0                mleft_speed
                0x008000c2                preDecelerate_R
                0x008000c4                mright_des_speed_tmp
                0x008000c6                adc1
                0x008000c8                adcLSL
                0x008000ca                acs_timer
                0x008000cc                preStop_L
                0x008000ce                mright_power
                0x008000d0                mright_counter
                0x008000d2                ircomm_data_tmp
                0x008000d4                distanceToMove_L
                0x008000d6                stopwatches
                0x008000e7                overcurrent_timeout
                0x008000e8                obstacle_left
                0x008000e9                overcurrent_errors
                0x008000ea                overcurrent_timer
                0x008000eb                mright_ptmp
                0x008000ec                ircomm_data
                0x008000ee                adcLSR
                0x008000f0                speed_adjust_timer
                0x008000f1                obstacle_right
                0x008000f2                speed_timer
                0x008000f3                right_i
                0x008000f5                bumper_timer
                0x008000f6                mright_dist
                0x008000f8                preDecelerate_L
                0x008000fa                mleft_counter
                0x008000fc                adc0
                0x008000fe                delay_timer
                0x008000ff                adcMotorCurrentRight
                0x00800101                ms_timer
                0x00800102                mright_speed
                0x00800104                mleft_dist
                0x00800106                bumper_right
                0x00800107                acs_event_counter
                0x00800108                motion_status_tmp
                0x00800109                adcBat
                0x0080010b                IRCOMM_RC5_data_ok
                0x0080010d                mleft_ptmp
                0x0080010e                adcMotorCurrentLeft
 COMMON         0x00800110       0x41 obj\Release\RP6Lib\RP6common\RP6I2CslaveTWI.o
                0x00800110                I2CTWI_genCallCMD
                0x00800111                I2CTWI_writeRegisters
                0x00800121                I2CTWI_readRegisters
 COMMON         0x00800151       0x22 obj\Release\RP6Lib\RP6common\RP6uart.o
                0x00800151                uart_status
                0x00800152                uart_receive_buffer
                0x00800173                PROVIDE (__bss_end, .)
                0x00001c9c                __data_load_start = LOADADDR (.data)
                0x00001cbe                __data_load_end = (__data_load_start + SIZEOF (.data))

.noinit         0x00800173        0x0
                0x00800173                PROVIDE (__noinit_start, .)
 *(.noinit*)
                0x00800173                PROVIDE (__noinit_end, .)
                0x00800173                _end = .
                0x00800173                PROVIDE (__heap_start, .)

.eeprom         0x00810000        0x0
 *(.eeprom*)
                0x00810000                __eeprom_end = .

.fuse
 *(.fuse)
 *(.lfuse)
 *(.hfuse)
 *(.efuse)

.lock
 *(.lock*)

.signature
 *(.signature*)

.stab
 *(.stab)

.stabstr
 *(.stabstr)

.stab.excl
 *(.stab.excl)

.stab.exclstr
 *(.stab.exclstr)

.stab.index
 *(.stab.index)

.stab.indexstr
 *(.stab.indexstr)

.comment
 *(.comment)

.debug
 *(.debug)

.line
 *(.line)

.debug_srcinfo
 *(.debug_srcinfo)

.debug_sfnames
 *(.debug_sfnames)

.debug_aranges
 *(.debug_aranges)

.debug_pubnames
 *(.debug_pubnames)

.debug_info
 *(.debug_info)
 *(.gnu.linkonce.wi.*)

.debug_abbrev
 *(.debug_abbrev)

.debug_line
 *(.debug_line)

.debug_frame
 *(.debug_frame)

.debug_str
 *(.debug_str)

.debug_loc
 *(.debug_loc)

.debug_macinfo
 *(.debug_macinfo)
OUTPUT(bin\Release\RP-Project-Task2.elf elf32-avr)
LOAD linker stubs

Cross Reference Table

Symbol                                            File
ACS_setStateChangedHandler                        obj\Release\RP6Lib\RP6base\RP6RobotBaseLib.o
ACS_stateChanged_DUMMY                            obj\Release\RP6Lib\RP6base\RP6RobotBaseLib.o
BUMPERS_setStateChangedHandler                    obj\Release\RP6Lib\RP6base\RP6RobotBaseLib.o
                                                  obj\Release\main.o
BUMPERS_stateChanged_DUMMY                        obj\Release\RP6Lib\RP6base\RP6RobotBaseLib.o
I2CTWI_dataReadFromReg                            obj\Release\RP6Lib\RP6common\RP6I2CslaveTWI.o
I2CTWI_dataWasRead                                obj\Release\RP6Lib\RP6common\RP6I2CslaveTWI.o
I2CTWI_genCallCMD                                 obj\Release\RP6Lib\RP6common\RP6I2CslaveTWI.o
I2CTWI_initSlave                                  obj\Release\RP6Lib\RP6common\RP6I2CslaveTWI.o
I2CTWI_readBusy                                   obj\Release\RP6Lib\RP6common\RP6I2CslaveTWI.o
I2CTWI_readRegisters                              obj\Release\RP6Lib\RP6common\RP6I2CslaveTWI.o
I2CTWI_writeBusy                                  obj\Release\RP6Lib\RP6common\RP6I2CslaveTWI.o
I2CTWI_writeRegisters                             obj\Release\RP6Lib\RP6common\RP6I2CslaveTWI.o
IRCOMM_RC5_data                                   obj\Release\RP6Lib\RP6base\RP6RobotBaseLib.o
IRCOMM_RC5_data_ok                                obj\Release\RP6Lib\RP6base\RP6RobotBaseLib.o
IRCOMM_RC5dataReady_DUMMY                         obj\Release\RP6Lib\RP6base\RP6RobotBaseLib.o
IRCOMM_sendRC5                                    obj\Release\RP6Lib\RP6base\RP6RobotBaseLib.o
IRCOMM_setRC5DataReadyHandler                     obj\Release\RP6Lib\RP6base\RP6RobotBaseLib.o
MOTIONCONTROL_setStateChangedHandler              obj\Release\RP6Lib\RP6base\RP6RobotBaseLib.o
MOTIONCONTROL_stateChanged_DUMMY                  obj\Release\RP6Lib\RP6base\RP6RobotBaseLib.o
__bad_interrupt                                   c:/winavr-20100110/bin/../lib/gcc/avr/4.3.3/../../../../avr/lib/avr5/crtm32.o
__bss_end                                         c:/winavr-20100110/bin/../lib/gcc/avr/4.3.3/avr5\libgcc.a(_clear_bss.o)
__bss_start                                       c:/winavr-20100110/bin/../lib/gcc/avr/4.3.3/avr5\libgcc.a(_clear_bss.o)
__data_end                                        c:/winavr-20100110/bin/../lib/gcc/avr/4.3.3/avr5\libgcc.a(_copy_data.o)
__data_load_start                                 c:/winavr-20100110/bin/../lib/gcc/avr/4.3.3/avr5\libgcc.a(_copy_data.o)
__data_start                                      c:/winavr-20100110/bin/../lib/gcc/avr/4.3.3/avr5\libgcc.a(_copy_data.o)
__divmodhi4                                       c:/winavr-20100110/bin/../lib/gcc/avr/4.3.3/avr5\libgcc.a(_divmodhi4.o)
                                                  obj\Release\RP6Lib\RP6base\RP6RobotBaseLib.o
__do_clear_bss                                    c:/winavr-20100110/bin/../lib/gcc/avr/4.3.3/avr5\libgcc.a(_clear_bss.o)
                                                  obj\Release\RP6Lib\RP6common\RP6uart.o
                                                  obj\Release\RP6Lib\RP6common\RP6I2CslaveTWI.o
                                                  obj\Release\RP6Lib\RP6base\RP6RobotBaseLib.o
                                                  obj\Release\main.o
__do_copy_data                                    c:/winavr-20100110/bin/../lib/gcc/avr/4.3.3/avr5\libgcc.a(_copy_data.o)
                                                  obj\Release\RP6Lib\RP6base\RP6RobotBaseLib.o
                                                  obj\Release\main.o
__heap_end                                        c:/winavr-20100110/bin/../lib/gcc/avr/4.3.3/../../../../avr/lib/avr5/crtm32.o
__init                                            c:/winavr-20100110/bin/../lib/gcc/avr/4.3.3/../../../../avr/lib/avr5/crtm32.o
__mulsi3                                          c:/winavr-20100110/bin/../lib/gcc/avr/4.3.3/avr5\libgcc.a(_mulsi3.o)
                                                  obj\Release\RP6Lib\RP6base\RP6RobotBaseLib.o
__stack                                           c:/winavr-20100110/bin/../lib/gcc/avr/4.3.3/../../../../avr/lib/avr5/crtm32.o
__udivmodhi4                                      c:/winavr-20100110/bin/../lib/gcc/avr/4.3.3/avr5\libgcc.a(_udivmodhi4.o)
                                                  c:/winavr-20100110/bin/../lib/gcc/avr/4.3.3/../../../../avr/lib/avr5\libc.a(itoa.o)
                                                  c:/winavr-20100110/bin/../lib/gcc/avr/4.3.3/avr5\libgcc.a(_divmodhi4.o)
                                                  obj\Release\RP6Lib\RP6base\RP6RobotBaseLib.o
__udivmodsi4                                      c:/winavr-20100110/bin/../lib/gcc/avr/4.3.3/avr5\libgcc.a(_udivmodsi4.o)
                                                  obj\Release\RP6Lib\RP6base\RP6RobotBaseLib.o
__vector_1                                        obj\Release\RP6Lib\RP6base\RP6RobotBaseLib.o
                                                  c:/winavr-20100110/bin/../lib/gcc/avr/4.3.3/../../../../avr/lib/avr5/crtm32.o
__vector_10                                       obj\Release\RP6Lib\RP6base\RP6RobotBaseLib.o
                                                  c:/winavr-20100110/bin/../lib/gcc/avr/4.3.3/../../../../avr/lib/avr5/crtm32.o
__vector_11                                       c:/winavr-20100110/bin/../lib/gcc/avr/4.3.3/../../../../avr/lib/avr5/crtm32.o
__vector_12                                       c:/winavr-20100110/bin/../lib/gcc/avr/4.3.3/../../../../avr/lib/avr5/crtm32.o
__vector_13                                       obj\Release\RP6Lib\RP6common\RP6uart.o
                                                  c:/winavr-20100110/bin/../lib/gcc/avr/4.3.3/../../../../avr/lib/avr5/crtm32.o
__vector_14                                       c:/winavr-20100110/bin/../lib/gcc/avr/4.3.3/../../../../avr/lib/avr5/crtm32.o
__vector_15                                       c:/winavr-20100110/bin/../lib/gcc/avr/4.3.3/../../../../avr/lib/avr5/crtm32.o
__vector_16                                       c:/winavr-20100110/bin/../lib/gcc/avr/4.3.3/../../../../avr/lib/avr5/crtm32.o
__vector_17                                       c:/winavr-20100110/bin/../lib/gcc/avr/4.3.3/../../../../avr/lib/avr5/crtm32.o
__vector_18                                       c:/winavr-20100110/bin/../lib/gcc/avr/4.3.3/../../../../avr/lib/avr5/crtm32.o
__vector_19                                       obj\Release\RP6Lib\RP6common\RP6I2CslaveTWI.o
                                                  c:/winavr-20100110/bin/../lib/gcc/avr/4.3.3/../../../../avr/lib/avr5/crtm32.o
__vector_2                                        obj\Release\RP6Lib\RP6base\RP6RobotBaseLib.o
                                                  c:/winavr-20100110/bin/../lib/gcc/avr/4.3.3/../../../../avr/lib/avr5/crtm32.o
__vector_20                                       c:/winavr-20100110/bin/../lib/gcc/avr/4.3.3/../../../../avr/lib/avr5/crtm32.o
__vector_3                                        obj\Release\RP6Lib\RP6base\RP6RobotBaseLib.o
                                                  c:/winavr-20100110/bin/../lib/gcc/avr/4.3.3/../../../../avr/lib/avr5/crtm32.o
__vector_4                                        obj\Release\RP6Lib\RP6base\RP6RobotBaseLib.o
                                                  c:/winavr-20100110/bin/../lib/gcc/avr/4.3.3/../../../../avr/lib/avr5/crtm32.o
__vector_5                                        c:/winavr-20100110/bin/../lib/gcc/avr/4.3.3/../../../../avr/lib/avr5/crtm32.o
__vector_6                                        c:/winavr-20100110/bin/../lib/gcc/avr/4.3.3/../../../../avr/lib/avr5/crtm32.o
__vector_7                                        c:/winavr-20100110/bin/../lib/gcc/avr/4.3.3/../../../../avr/lib/avr5/crtm32.o
__vector_8                                        c:/winavr-20100110/bin/../lib/gcc/avr/4.3.3/../../../../avr/lib/avr5/crtm32.o
__vector_9                                        c:/winavr-20100110/bin/../lib/gcc/avr/4.3.3/../../../../avr/lib/avr5/crtm32.o
__vector_default                                  c:/winavr-20100110/bin/../lib/gcc/avr/4.3.3/../../../../avr/lib/avr5/crtm32.o
__vectors                                         c:/winavr-20100110/bin/../lib/gcc/avr/4.3.3/../../../../avr/lib/avr5/crtm32.o
_div                                              c:/winavr-20100110/bin/../lib/gcc/avr/4.3.3/avr5\libgcc.a(_divmodhi4.o)
_exit                                             c:/winavr-20100110/bin/../lib/gcc/avr/4.3.3/avr5\libgcc.a(_exit.o)
acs_event_counter                                 obj\Release\RP6Lib\RP6base\RP6RobotBaseLib.o
acs_pulse                                         obj\Release\RP6Lib\RP6base\RP6RobotBaseLib.o
acs_state                                         obj\Release\RP6Lib\RP6base\RP6RobotBaseLib.o
acs_timer                                         obj\Release\RP6Lib\RP6base\RP6RobotBaseLib.o
adc0                                              obj\Release\RP6Lib\RP6base\RP6RobotBaseLib.o
adc1                                              obj\Release\RP6Lib\RP6base\RP6RobotBaseLib.o
adcBat                                            obj\Release\RP6Lib\RP6base\RP6RobotBaseLib.o
adcLSL                                            obj\Release\RP6Lib\RP6base\RP6RobotBaseLib.o
adcLSR                                            obj\Release\RP6Lib\RP6base\RP6RobotBaseLib.o
adcMotorCurrentLeft                               obj\Release\RP6Lib\RP6base\RP6RobotBaseLib.o
adcMotorCurrentRight                              obj\Release\RP6Lib\RP6base\RP6RobotBaseLib.o
angle                                             obj\Release\main.o
bumper                                            obj\Release\main.o
bumper_left                                       obj\Release\RP6Lib\RP6base\RP6RobotBaseLib.o
bumper_right                                      obj\Release\RP6Lib\RP6base\RP6RobotBaseLib.o
bumper_timer                                      obj\Release\RP6Lib\RP6base\RP6RobotBaseLib.o
changeDirection                                   obj\Release\RP6Lib\RP6base\RP6RobotBaseLib.o
checkBumper                                       obj\Release\main.o
clearReceptionBuffer                              obj\Release\RP6Lib\RP6common\RP6uart.o
delayCycles                                       obj\Release\RP6Lib\RP6base\RP6RobotBaseLib.o
delay_timer                                       obj\Release\RP6Lib\RP6base\RP6RobotBaseLib.o
disableACS                                        obj\Release\RP6Lib\RP6base\RP6RobotBaseLib.o
disablePowerOnWarning                             obj\Release\RP6Lib\RP6base\RP6RobotBaseLib.o
distanceToMove_L                                  obj\Release\RP6Lib\RP6base\RP6RobotBaseLib.o
distanceToMove_R                                  obj\Release\RP6Lib\RP6base\RP6RobotBaseLib.o
drive_dir                                         obj\Release\RP6Lib\RP6base\RP6RobotBaseLib.o
emergencyShutdown                                 obj\Release\RP6Lib\RP6base\RP6RobotBaseLib.o
enableACS                                         obj\Release\RP6Lib\RP6base\RP6RobotBaseLib.o
enablePowerOnWarning                              obj\Release\RP6Lib\RP6base\RP6RobotBaseLib.o
exit                                              c:/winavr-20100110/bin/../lib/gcc/avr/4.3.3/avr5\libgcc.a(_exit.o)
                                                  c:/winavr-20100110/bin/../lib/gcc/avr/4.3.3/../../../../avr/lib/avr5/crtm32.o
extIntOFF                                         obj\Release\RP6Lib\RP6base\RP6RobotBaseLib.o
extIntON                                          obj\Release\RP6Lib\RP6base\RP6RobotBaseLib.o
getBufferLength                                   obj\Release\RP6Lib\RP6common\RP6uart.o
getBumperLeft                                     obj\Release\RP6Lib\RP6base\RP6RobotBaseLib.o
                                                  obj\Release\main.o
getBumperRight                                    obj\Release\RP6Lib\RP6base\RP6RobotBaseLib.o
                                                  obj\Release\main.o
i                                                 obj\Release\main.o
initBumper                                        obj\Release\main.o
initRobotBase                                     obj\Release\RP6Lib\RP6base\RP6RobotBaseLib.o
                                                  obj\Release\main.o
ircomm_data                                       obj\Release\RP6Lib\RP6base\RP6RobotBaseLib.o
ircomm_data_tmp                                   obj\Release\RP6Lib\RP6base\RP6RobotBaseLib.o
ircomm_send                                       obj\Release\RP6Lib\RP6base\RP6RobotBaseLib.o
isMovementComplete                                obj\Release\RP6Lib\RP6base\RP6RobotBaseLib.o
itoa                                              c:/winavr-20100110/bin/../lib/gcc/avr/4.3.3/../../../../avr/lib/avr5\libc.a(itoa.o)
                                                  obj\Release\RP6Lib\RP6common\RP6uart.o
leds_on                                           obj\Release\RP6Lib\RP6base\RP6RobotBaseLib.o
left_i                                            obj\Release\RP6Lib\RP6base\RP6RobotBaseLib.o
mSleep                                            obj\Release\RP6Lib\RP6base\RP6RobotBaseLib.o
main                                              obj\Release\main.o
                                                  c:/winavr-20100110/bin/../lib/gcc/avr/4.3.3/../../../../avr/lib/avr5/crtm32.o
mleft_counter                                     obj\Release\RP6Lib\RP6base\RP6RobotBaseLib.o
mleft_des_dir                                     obj\Release\RP6Lib\RP6base\RP6RobotBaseLib.o
mleft_des_speed                                   obj\Release\RP6Lib\RP6base\RP6RobotBaseLib.o
mleft_des_speed_tmp                               obj\Release\RP6Lib\RP6base\RP6RobotBaseLib.o
mleft_dir                                         obj\Release\RP6Lib\RP6base\RP6RobotBaseLib.o
mleft_dist                                        obj\Release\RP6Lib\RP6base\RP6RobotBaseLib.o
mleft_power                                       obj\Release\RP6Lib\RP6base\RP6RobotBaseLib.o
mleft_ptmp                                        obj\Release\RP6Lib\RP6base\RP6RobotBaseLib.o
mleft_speed                                       obj\Release\RP6Lib\RP6base\RP6RobotBaseLib.o
motion_status                                     obj\Release\RP6Lib\RP6base\RP6RobotBaseLib.o
                                                  obj\Release\main.o
motion_status_tmp                                 obj\Release\RP6Lib\RP6base\RP6RobotBaseLib.o
motor_control                                     obj\Release\RP6Lib\RP6base\RP6RobotBaseLib.o
move                                              obj\Release\RP6Lib\RP6base\RP6RobotBaseLib.o
                                                  obj\Release\main.o
moveAtSpeed                                       obj\Release\RP6Lib\RP6base\RP6RobotBaseLib.o
                                                  obj\Release\main.o
moveAtSpeedDirection                              obj\Release\RP6Lib\RP6base\RP6RobotBaseLib.o
mright_counter                                    obj\Release\RP6Lib\RP6base\RP6RobotBaseLib.o
mright_des_dir                                    obj\Release\RP6Lib\RP6base\RP6RobotBaseLib.o
mright_des_speed                                  obj\Release\RP6Lib\RP6base\RP6RobotBaseLib.o
mright_des_speed_tmp                              obj\Release\RP6Lib\RP6base\RP6RobotBaseLib.o
mright_dir                                        obj\Release\RP6Lib\RP6base\RP6RobotBaseLib.o
mright_dist                                       obj\Release\RP6Lib\RP6base\RP6RobotBaseLib.o
mright_power                                      obj\Release\RP6Lib\RP6base\RP6RobotBaseLib.o
mright_ptmp                                       obj\Release\RP6Lib\RP6base\RP6RobotBaseLib.o
mright_speed                                      obj\Release\RP6Lib\RP6base\RP6RobotBaseLib.o
ms_timer                                          obj\Release\RP6Lib\RP6base\RP6RobotBaseLib.o
obstacle_left                                     obj\Release\RP6Lib\RP6base\RP6RobotBaseLib.o
obstacle_right                                    obj\Release\RP6Lib\RP6base\RP6RobotBaseLib.o
overcurrent_error_clear                           obj\Release\RP6Lib\RP6base\RP6RobotBaseLib.o
overcurrent_errors                                obj\Release\RP6Lib\RP6base\RP6RobotBaseLib.o
overcurrent_timeout                               obj\Release\RP6Lib\RP6base\RP6RobotBaseLib.o
overcurrent_timer                                 obj\Release\RP6Lib\RP6base\RP6RobotBaseLib.o
powerOFF                                          obj\Release\RP6Lib\RP6base\RP6RobotBaseLib.o
powerON                                           obj\Release\RP6Lib\RP6base\RP6RobotBaseLib.o
                                                  obj\Release\main.o
preDecelerate_L                                   obj\Release\RP6Lib\RP6base\RP6RobotBaseLib.o
preDecelerate_R                                   obj\Release\RP6Lib\RP6base\RP6RobotBaseLib.o
preStop_L                                         obj\Release\RP6Lib\RP6base\RP6RobotBaseLib.o
preStop_R                                         obj\Release\RP6Lib\RP6base\RP6RobotBaseLib.o
readADC                                           obj\Release\RP6Lib\RP6base\RP6RobotBaseLib.o
readChar                                          obj\Release\RP6Lib\RP6common\RP6uart.o
readChars                                         obj\Release\RP6Lib\RP6common\RP6uart.o
read_pos                                          obj\Release\RP6Lib\RP6common\RP6uart.o
read_size                                         obj\Release\RP6Lib\RP6common\RP6uart.o
right_i                                           obj\Release\RP6Lib\RP6base\RP6RobotBaseLib.o
rotate                                            obj\Release\RP6Lib\RP6base\RP6RobotBaseLib.o
                                                  obj\Release\main.o
rotateAheadWall                                   obj\Release\main.o
setACSPwrHigh                                     obj\Release\RP6Lib\RP6base\RP6RobotBaseLib.o
setACSPwrLow                                      obj\Release\RP6Lib\RP6base\RP6RobotBaseLib.o
setACSPwrMed                                      obj\Release\RP6Lib\RP6base\RP6RobotBaseLib.o
setACSPwrOff                                      obj\Release\RP6Lib\RP6base\RP6RobotBaseLib.o
setLEDs                                           obj\Release\RP6Lib\RP6base\RP6RobotBaseLib.o
setMotorDir                                       obj\Release\RP6Lib\RP6base\RP6RobotBaseLib.o
setMotorPower                                     obj\Release\RP6Lib\RP6base\RP6RobotBaseLib.o
sleep                                             obj\Release\RP6Lib\RP6base\RP6RobotBaseLib.o
speed_adjust_timer                                obj\Release\RP6Lib\RP6base\RP6RobotBaseLib.o
speed_timer                                       obj\Release\RP6Lib\RP6base\RP6RobotBaseLib.o
startADC                                          obj\Release\RP6Lib\RP6base\RP6RobotBaseLib.o
statusLEDs                                        obj\Release\RP6Lib\RP6base\RP6RobotBaseLib.o
                                                  obj\Release\main.o
stop                                              obj\Release\RP6Lib\RP6base\RP6RobotBaseLib.o
                                                  obj\Release\main.o
stopwatches                                       obj\Release\RP6Lib\RP6base\RP6RobotBaseLib.o
strrev                                            c:/winavr-20100110/bin/../lib/gcc/avr/4.3.3/../../../../avr/lib/avr5\libc.a(strrev.o)
                                                  c:/winavr-20100110/bin/../lib/gcc/avr/4.3.3/../../../../avr/lib/avr5\libc.a(itoa.o)
sysStatACS                                        obj\Release\RP6Lib\RP6base\RP6RobotBaseLib.o
task_ACS                                          obj\Release\RP6Lib\RP6base\RP6RobotBaseLib.o
task_ADC                                          obj\Release\RP6Lib\RP6base\RP6RobotBaseLib.o
                                                  obj\Release\main.o
task_Bumpers                                      obj\Release\RP6Lib\RP6base\RP6RobotBaseLib.o
                                                  obj\Release\main.o
task_RP6System                                    obj\Release\RP6Lib\RP6base\RP6RobotBaseLib.o
task_motionControl                                obj\Release\RP6Lib\RP6base\RP6RobotBaseLib.o
                                                  obj\Release\main.o
timer                                             obj\Release\RP6Lib\RP6base\RP6RobotBaseLib.o
                                                  obj\Release\main.o
uart_receive_buffer                               obj\Release\RP6Lib\RP6common\RP6uart.o
uart_status                                       obj\Release\RP6Lib\RP6common\RP6uart.o
updateStatusLEDs                                  obj\Release\RP6Lib\RP6base\RP6RobotBaseLib.o
writeChar                                         obj\Release\RP6Lib\RP6common\RP6uart.o
writeInteger                                      obj\Release\RP6Lib\RP6common\RP6uart.o
                                                  obj\Release\main.o
writeIntegerLength                                obj\Release\RP6Lib\RP6common\RP6uart.o
writeNStringP                                     obj\Release\RP6Lib\RP6common\RP6uart.o
                                                  obj\Release\RP6Lib\RP6base\RP6RobotBaseLib.o
                                                  obj\Release\main.o
writeString                                       obj\Release\RP6Lib\RP6common\RP6uart.o
                                                  obj\Release\main.o
writeStringLength                                 obj\Release\RP6Lib\RP6common\RP6uart.o
write_pos                                         obj\Release\RP6Lib\RP6common\RP6uart.o
write_size                                        obj\Release\RP6Lib\RP6common\RP6uart.o
